MPLINK 5.09, LINKER
Linker Map File - Created Tue May 05 18:02:54 2026

                                 Section Info
                  Section       Type    Address   Location Size(Bytes)
                ---------  ---------  ---------  ---------  ---------
                   .org_0       code   0x000000    program   0x0000c8
                   .cinit    romdata   0x000064    program   0x000004
.config_2007_BUILD/DEFAULT/PRODUCTION/MAIN.O       code   0x002007    program   0x000002



                              Program Memory Usage 
                               Start         End      
                           ---------   ---------      
                            0x000000    0x000065      
                            0x002007    0x002007      
            103 out of 8454 program addresses used, program memory utilization is 1%



                              Symbols - Sorted by Name
                     Name    Address   Location    Storage File                     
                ---------  ---------  ---------  --------- ---------                
                    DELAY   0x00005b    program     static C:\Users\edroz\MPLABXProjects\elevator.X\main.asm
                  D_LOOP1   0x00005d    program     static C:\Users\edroz\MPLABXProjects\elevator.X\main.asm
                  D_LOOP2   0x00005f    program     static C:\Users\edroz\MPLABXProjects\elevator.X\main.asm
            ELEVATOR_IDLE   0x000043    program     static C:\Users\edroz\MPLABXProjects\elevator.X\main.asm
          FLOOR_LED_TABLE   0x00004d    program     static C:\Users\edroz\MPLABXProjects\elevator.X\main.asm
                  GO_DOWN   0x00003e    program     static C:\Users\edroz\MPLABXProjects\elevator.X\main.asm
                    GO_UP   0x000039    program     static C:\Users\edroz\MPLABXProjects\elevator.X\main.asm
                MAIN_LOOP   0x000012    program     static C:\Users\edroz\MPLABXProjects\elevator.X\main.asm
            MOVE_ELEVATOR   0x000033    program     static C:\Users\edroz\MPLABXProjects\elevator.X\main.asm
             READ_BUTTONS   0x000016    program     static C:\Users\edroz\MPLABXProjects\elevator.X\main.asm
               SEG7_TABLE   0x000054    program     static C:\Users\edroz\MPLABXProjects\elevator.X\main.asm
              SET_FLOOR_1   0x000024    program     static C:\Users\edroz\MPLABXProjects\elevator.X\main.asm
              SET_FLOOR_2   0x000027    program     static C:\Users\edroz\MPLABXProjects\elevator.X\main.asm
              SET_FLOOR_3   0x00002a    program     static C:\Users\edroz\MPLABXProjects\elevator.X\main.asm
              SET_FLOOR_4   0x00002d    program     static C:\Users\edroz\MPLABXProjects\elevator.X\main.asm
              SET_FLOOR_5   0x000030    program     static C:\Users\edroz\MPLABXProjects\elevator.X\main.asm
               SHOW_FLOOR   0x000046    program     static C:\Users\edroz\MPLABXProjects\elevator.X\main.asm
                    START   0x000001    program     static C:\Users\edroz\MPLABXProjects\elevator.X\main.asm



                              Symbols - Sorted by Address
                     Name    Address   Location    Storage File                     
                ---------  ---------  ---------  --------- ---------                
                    START   0x000001    program     static C:\Users\edroz\MPLABXProjects\elevator.X\main.asm
                MAIN_LOOP   0x000012    program     static C:\Users\edroz\MPLABXProjects\elevator.X\main.asm
             READ_BUTTONS   0x000016    program     static C:\Users\edroz\MPLABXProjects\elevator.X\main.asm
              SET_FLOOR_1   0x000024    program     static C:\Users\edroz\MPLABXProjects\elevator.X\main.asm
              SET_FLOOR_2   0x000027    program     static C:\Users\edroz\MPLABXProjects\elevator.X\main.asm
              SET_FLOOR_3   0x00002a    program     static C:\Users\edroz\MPLABXProjects\elevator.X\main.asm
              SET_FLOOR_4   0x00002d    program     static C:\Users\edroz\MPLABXProjects\elevator.X\main.asm
              SET_FLOOR_5   0x000030    program     static C:\Users\edroz\MPLABXProjects\elevator.X\main.asm
            MOVE_ELEVATOR   0x000033    program     static C:\Users\edroz\MPLABXProjects\elevator.X\main.asm
                    GO_UP   0x000039    program     static C:\Users\edroz\MPLABXProjects\elevator.X\main.asm
                  GO_DOWN   0x00003e    program     static C:\Users\edroz\MPLABXProjects\elevator.X\main.asm
            ELEVATOR_IDLE   0x000043    program     static C:\Users\edroz\MPLABXProjects\elevator.X\main.asm
               SHOW_FLOOR   0x000046    program     static C:\Users\edroz\MPLABXProjects\elevator.X\main.asm
          FLOOR_LED_TABLE   0x00004d    program     static C:\Users\edroz\MPLABXProjects\elevator.X\main.asm
               SEG7_TABLE   0x000054    program     static C:\Users\edroz\MPLABXProjects\elevator.X\main.asm
                    DELAY   0x00005b    program     static C:\Users\edroz\MPLABXProjects\elevator.X\main.asm
                  D_LOOP1   0x00005d    program     static C:\Users\edroz\MPLABXProjects\elevator.X\main.asm
                  D_LOOP2   0x00005f    program     static C:\Users\edroz\MPLABXProjects\elevator.X\main.asm


